TAP version 13
# Subtest: 166 original CPU yielded frames match zoom, camera operands, raw pose, hold and return
ok 1 - 166 original CPU yielded frames match zoom, camera operands, raw pose, hold and return
  ---
  duration_ms: 26.2227
  type: 'test'
  ...
# Subtest: only traced prelude/character combinations bind; durations match current numeric production metadata
ok 2 - only traced prelude/character combinations bind; durations match current numeric production metadata
  ---
  duration_ms: 4.1099
  type: 'test'
  ...
# Subtest: normal AI entry plays a complete special prelude without advancing clock, HP or cooldown, then settles
ok 3 - normal AI entry plays a complete special prelude without advancing clock, HP or cooldown, then settles
  ---
  duration_ms: 506.1429
  type: 'test'
  ...
# Subtest: phone focus restores the identity transform; reduced motion never zooms the field
ok 4 - phone focus restores the identity transform; reduced motion never zooms the field
  ---
  duration_ms: 0.5001
  type: 'test'
  ...
1..4
# tests 4
# suites 0
# pass 4
# fail 0
# cancelled 0
# skipped 0
# todo 0
# duration_ms 1111.2741
