TAP version 13
# Subtest: 104 original reaction handler variants preserve every flip, alternate request and completion update
not ok 1 - 104 original reaction handler variants preserve every flip, alternate request and completion update
  ---
  duration_ms: 17.7398
  type: 'test'
  location: 'R:\\Projects\\Championship2026\\championship-2026\\tests\\championship-raising-reaction-dispatch-cases.mjs:31:1'
  failureType: 'testCodeFailure'
  error: |-
    reaction 6, slow 0, tick 20

    0 !== 1

  code: 'ERR_ASSERTION'
  name: 'AssertionError'
  expected: 1
  actual: 0
  operator: 'strictEqual'
  stack: |-
    TestContext.<anonymous> (file:///R:/Projects/Championship2026/championship-2026/tests/championship-raising-reaction-dispatch-cases.mjs:45:16)
    Test.runInAsyncScope (node:async_hooks:214:14)
    Test.run (node:internal/test_runner/test:1047:25)
    Test.start (node:internal/test_runner/test:944:17)
    startSubtestAfterBootstrap (node:internal/test_runner/harness:296:17)
  ...
# Subtest: all 220 adult species bindings execute all 26 timed/animation reactions through their own Main bank
ok 2 - all 220 adult species bindings execute all 26 timed/animation reactions through their own Main bank
  ---
  duration_ms: 2128.717
  type: 'test'
  ...
1..2
# tests 2
# suites 0
# pass 1
# fail 1
# cancelled 0
# skipped 0
# todo 0
# duration_ms 2659.7197
